Sparkathon_Backend/src/uploads/optimal_price_predictions.csv
Product Name,Year,Month,Units Manufactured,Units Sold,Price (INR),Expiry Date,Stock Left,Discount (%),Predicted Optimal Price
Spinach,2021,1,871,871,9.83,2021-01-12,0,0,9.84150000000001
Spinach,2021,2,947,606,10.41,2021-02-17,341,10,10.396499999999994
Spinach,2021,3,935,541,10.43,2021-03-15,394,10,10.429199999999982
Spinach,2021,4,974,562,10.43,2021-04-14,412,10,10.430399999999985
Spinach,2021,5,940,637,10.33,2021-05-14,303,10,10.350600000000009
Spinach,2021,6,1017,614,10.43,2021-06-15,403,10,10.404599999999993
Spinach,2021,7,992,613,10.41,2021-07-12,379,10,10.404799999999991
Spinach,2021,8,1083,764,10.35,2021-08-16,319,10,10.35650000000001
Spinach,2021,9,940,594,10.37,2021-09-12,346,10,10.380899999999999
Spinach,2021,10,1031,706,10.37,2021-10-18,325,10,10.367900000000006
Spinach,2021,11,939,939,9.94,2021-11-06,0,10,9.934300000000018
Spinach,2021,12,882,882,9.8,2021-12-11,0,0,9.848099999999992
Spinach,2022,1,1069,1069,9.91,2022-01-16,0,0,9.886699999999996
Spinach,2022,2,1008,660,10.4,2022-02-19,348,10,10.39349999999999
Spinach,2022,3,856,607,10.34,2022-03-09,249,10,10.359000000000004
Spinach,2022,4,974,595,10.43,2022-04-08,379,20,10.40599999999999
Spinach,2022,5,796,453,10.45,2022-05-13,343,10,10.43710000000001
Spinach,2022,6,1023,655,10.41,2022-06-21,368,10,10.401599999999997
Spinach,2022,7,1147,791,10.35,2022-07-21,356,10,10.363400000000006
Spinach,2022,8,948,588,10.39,2022-08-14,360,10,10.390799999999995
Spinach,2022,9,1024,569,10.47,2022-09-17,455,10,10.455900000000012
Spinach,2022,10,995,633,10.35,2022-10-06,362,20,10.390199999999995
Spinach,2022,11,1079,1079,9.85,2022-11-12,0,0,9.870100000000008
Spinach,2022,12,948,948,10.02,2022-12-17,0,0,9.959699999999991
Spinach,2023,1,1017,1017,9.81,2023-01-21,0,0,9.844199999999987
Spinach,2023,2,1090,676,10.41,2023-02-19,414,10,10.394899999999993
Spinach,2023,3,1037,699,10.34,2023-03-10,338,10,10.377
Spinach,2023,4,1029,658,10.37,2023-04-19,371,10,10.382699999999998
Spinach,2023,5,1016,678,10.39,2023-05-14,338,10,10.383999999999993
Spinach,2023,6,901,578,10.42,2023-06-13,323,10,10.413199999999987
Spinach,2023,7,1160,746,10.39,2023-07-06,414,20,10.390099999999993
Spinach,2023,8,1011,684,10.35,2023-08-19,327,10,10.362900000000009
Spinach,2023,9,947,588,10.43,2023-09-15,359,10,10.391099999999994
Spinach,2023,10,929,593,10.38,2023-10-07,336,20,10.382499999999999
Spinach,2023,11,897,896,9.97,2023-11-19,1,0,9.926500000000015
Spinach,2023,12,1047,1047,9.8,2023-12-17,0,0,9.894099999999995
Spinach,2024,1,858,858,9.9,2024-01-12,0,0,9.883799999999994
Spinach,2024,2,774,445,10.47,2024-02-14,329,10,10.426399999999992
Spinach,2024,3,946,613,10.39,2024-03-06,333,20,10.392599999999991
Spinach,2024,4,1116,652,10.47,2024-04-11,464,10,10.439800000000009
Spinach,2024,5,807,515,10.42,2024-05-15,292,10,10.415599999999989
Spinach,2024,6,1068,654,10.4,2024-06-17,414,10,10.39839999999999
Spinach,2024,7,1027,593,10.42,2024-07-08,434,20,10.412499999999987
Spinach,2024,8,1003,576,10.42,2024-08-07,427,20,10.419799999999988
Spinach,2024,9,887,592,10.38,2024-09-17,295,10,10.380499999999998
Spinach,2024,10,943,628,10.4,2024-10-06,315,20,10.385399999999994
Spinach,2024,11,969,969,9.85,2024-11-21,0,0,9.87620000000001
Spinach,2024,12,1004,1004,10.01,2024-12-06,0,10,9.973899999999997
Cheese,2021,1,966,698,61.7,2021-01-11,268,10,61.64999999999995
Cheese,2021,2,1066,837,61.12,2021-02-19,229,10,61.273899999999934
Cheese,2021,3,891,743,60.9,2021-03-11,148,0,60.898699999999984
Cheese,2021,4,999,899,60.8,2021-04-10,100,0,60.81490000000008
Cheese,2021,5,1120,797,61.64,2021-05-15,323,10,61.60320000000006
Cheese,2021,6,1032,862,61.2,2021-06-11,170,0,61.17509999999991
Cheese,2021,7,1041,824,61.55,2021-07-18,217,10,61.42320000000006
Cheese,2021,8,1044,777,61.39,2021-08-16,267,10,61.48630000000002
Cheese,2021,9,1069,916,60.79,2021-09-08,153,10,60.85809999999998
Cheese,2021,10,1080,1067,59.64,2021-10-12,13,0,59.66630000000003
Cheese,2021,11,945,886,60.38,2021-11-11,59,0,60.12259999999998
Cheese,2021,12,951,951,59.81,2021-12-15,0,0,59.779
Cheese,2022,1,995,897,60.8,2022-01-12,98,0,60.81530000000007
Cheese,2022,2,1095,835,61.71,2022-02-13,260,10,61.56750000000001
Cheese,2022,3,1022,824,61.34,2022-03-16,198,0,61.374799999999965
Cheese,2022,4,1080,800,61.42,2022-04-13,280,10,61.60120000000003
Cheese,2022,5,1082,897,61.27,2022-05-12,185,0,61.28540000000005
Cheese,2022,6,987,788,61.44,2022-06-14,199,5,61.41489999999992
Cheese,2022,7,1036,818,61.28,2022-07-17,218,10,61.30140000000002
Cheese,2022,8,1060,902,60.96,2022-08-16,158,0,60.916100000000014
Cheese,2022,9,1133,951,61.24,2022-09-15,182,0,61.2095999999999
Cheese,2022,10,951,841,60.44,2022-10-21,110,0,60.48669999999997
Cheese,2022,11,1012,1012,59.39,2022-11-14,0,0,59.47980000000004
Cheese,2022,12,945,945,59.86,2022-12-16,0,0,59.7776
Cheese,2023,1,943,728,61.46,2023-01-17,215,10,61.46200000000001
Cheese,2023,2,953,847,60.89,2023-02-15,106,0,60.87270000000003
Cheese,2023,3,1119,865,61.63,2023-03-12,254,10,61.463499999999996
Cheese,2023,4,980,700,61.56,2023-04-15,280,10,61.587100000000056
Cheese,2023,5,973,823,60.95,2023-05-07,150,10,60.95919999999994
Cheese,2023,6,830,722,60.88,2023-06-16,108,0,60.888800000000046
Cheese,2023,7,914,729,61.42,2023-07-13,185,5,61.4059
Cheese,2023,8,1070,825,61.2,2023-08-13,245,10,61.30529999999997
Cheese,2023,9,1072,883,61.11,2023-09-19,189,0,61.15899999999996
Cheese,2023,10,1030,1030,59.41,2023-10-17,0,0,59.54739999999997
Cheese,2023,11,913,829,60.28,2023-11-15,84,0,60.414799999999985
Cheese,2023,12,1158,1158,59.57,2023-12-21,0,0,59.574699999999964
Cheese,2024,1,987,831,60.86,2024-01-10,156,0,60.87769999999996
Cheese,2024,2,921,734,61.28,2024-02-13,187,5,61.47979999999994
Cheese,2024,3,1003,714,61.68,2024-03-18,289,10,61.60290000000003
Cheese,2024,4,906,694,61.74,2024-04-08,212,20,61.609199999999916
Cheese,2024,5,873,738,60.71,2024-05-17,135,0,60.903
Cheese,2024,6,811,635,61.44,2024-06-13,176,5,61.38979999999993
Cheese,2024,7,1110,931,61.12,2024-07-21,179,0,61.161799999999914
Cheese,2024,8,1030,809,61.3,2024-08-12,221,10,61.29240000000007
Cheese,2024,9,951,769,61.12,2024-09-17,182,0,61.21969999999992
Cheese,2024,10,1114,1062,60.26,2024-10-10,52,0,59.79069999999996
Cheese,2024,11,976,976,59.42,2024-11-07,0,10,59.54570000000003
Cheese,2024,12,1023,979,59.85,2024-12-06,44,10,59.67690000000003
